// Jest Snapshot v1, https://goo.gl/fbAQLP

exports[`ProductConfiguration component should render correctly 1`] = `
<div>
  <form
    novalidate=""
  >
    <div
      class="sizeOptionsContainer"
    >
      <h4>
        Select a size
      </h4>
      <ul>
        <li
          class="productSizeOptionContainer"
        >
          <input
            checked=""
            class="productSizeOptionInput"
            id="size-value0-0"
            name="dimensions"
            type="radio"
            value="value-0"
          />
          <label
            class="productSizeOptionLabel"
            for="size-value0-0"
          >
            value-0
          </label>
        </li>
        <li
          class="productSizeOptionContainer"
        >
          <input
            class="productSizeOptionInput"
            id="size-value1-1"
            name="dimensions"
            type="radio"
            value="value-1"
          />
          <label
            class="productSizeOptionLabel"
            for="size-value1-1"
          >
            value-1
          </label>
        </li>
        <li
          class="productSizeOptionContainer"
        >
          <input
            class="productSizeOptionInput"
            id="size-value2-2"
            name="dimensions"
            type="radio"
            value="value-2"
          />
          <label
            class="productSizeOptionLabel"
            for="size-value2-2"
          >
            value-2
          </label>
        </li>
        <li
          class="productSizeOptionContainer"
        >
          <input
            class="productSizeOptionInput"
            id="size-value3-3"
            name="dimensions"
            type="radio"
            value="value-3"
          />
          <label
            class="productSizeOptionLabel"
            for="size-value3-3"
          >
            value-3
          </label>
        </li>
        <li
          class="productSizeOptionContainer"
        >
          <input
            class="productSizeOptionInput"
            id="size-value4-4"
            name="dimensions"
            type="radio"
            value="value-4"
          />
          <label
            class="productSizeOptionLabel"
            for="size-value4-4"
          >
            value-4
          </label>
        </li>
        <li
          class="productSizeOptionContainer"
        >
          <input
            class="productSizeOptionInput"
            id="size-value5-5"
            name="dimensions"
            type="radio"
            value="value-5"
          />
          <label
            class="productSizeOptionLabel"
            for="size-value5-5"
          >
            value-5
          </label>
        </li>
        <li
          class="productSizeOptionContainer"
        >
          <input
            class="productSizeOptionInput"
            id="size-custom-size-6"
            name="dimensions"
            type="radio"
            value="Custom size"
          />
          <label
            class="productSizeOptionLabel"
            for="size-custom-size-6"
          >
            Custom size
          </label>
        </li>
      </ul>
    </div>
    <div
      class="quantityOptionsContainer"
    >
      <h4>
        Select a quantity
      </h4>
      <table>
        <tbody>
          <tr
            class="quantityRow"
          >
            <td
              class="inputCell"
            >
              <input
                checked=""
                id="quantity-value-0-0"
                name="quantities"
                type="radio"
                value="value-0"
              />
            </td>
            <td>
              <label
                for="quantity-value-0-0"
              >
                value-0
              </label>
            </td>
            <td
              class="rightAlign"
            >
              <label
                for="quantity-value-0-0"
              >
                $0
              </label>
            </td>
          </tr>
          <tr
            class="quantityRow"
          >
            <td
              class="inputCell"
            >
              <input
                id="quantity-value-1-1"
                name="quantities"
                type="radio"
                value="value-1"
              />
            </td>
            <td>
              <label
                for="quantity-value-1-1"
              >
                value-1
              </label>
            </td>
            <td
              class="rightAlign"
            >
              <label
                for="quantity-value-1-1"
              >
                $0
              </label>
            </td>
            <td
              class="rightAlign discount"
            >
              <label
                for="quantity-value-1-1"
              >
                Save 20%
              </label>
            </td>
          </tr>
          <tr
            class="quantityRow"
          >
            <td
              class="inputCell"
            >
              <input
                id="quantity-value-2-2"
                name="quantities"
                type="radio"
                value="value-2"
              />
            </td>
            <td>
              <label
                for="quantity-value-2-2"
              >
                value-2
              </label>
            </td>
            <td
              class="rightAlign"
            >
              <label
                for="quantity-value-2-2"
              >
                $0
              </label>
            </td>
            <td
              class="rightAlign discount"
            >
              <label
                for="quantity-value-2-2"
              >
                Save 30%
              </label>
            </td>
          </tr>
          <tr
            class="quantityRow"
          >
            <td
              class="inputCell"
            >
              <input
                id="quantity-value-3-3"
                name="quantities"
                type="radio"
                value="value-3"
              />
            </td>
            <td>
              <label
                for="quantity-value-3-3"
              >
                value-3
              </label>
            </td>
            <td
              class="rightAlign"
            >
              <label
                for="quantity-value-3-3"
              >
                $0
              </label>
            </td>
            <td
              class="rightAlign discount"
            >
              <label
                for="quantity-value-3-3"
              >
                Save 40%
              </label>
            </td>
          </tr>
          <tr
            class="quantityRow"
          >
            <td
              class="inputCell"
            >
              <input
                id="quantity-value-4-4"
                name="quantities"
                type="radio"
                value="value-4"
              />
            </td>
            <td>
              <label
                for="quantity-value-4-4"
              >
                value-4
              </label>
            </td>
            <td
              class="rightAlign"
            >
              <label
                for="quantity-value-4-4"
              >
                $0
              </label>
            </td>
            <td
              class="rightAlign discount"
            >
              <label
                for="quantity-value-4-4"
              >
                Save 50%
              </label>
            </td>
          </tr>
          <tr
            class="quantityRow"
          >
            <td
              class="inputCell"
            >
              <input
                id="quantity-value-5-5"
                name="quantities"
                type="radio"
                value="value-5"
              />
            </td>
            <td>
              <label
                for="quantity-value-5-5"
              >
                value-5
              </label>
            </td>
          </tr>
          <tr
            class="quantityRow"
          >
            <td
              class="inputCell"
            >
              <input
                id="quantity-custom-quantity-6"
                name="quantities"
                type="radio"
                value="Custom quantity"
              />
            </td>
            <td>
              <label
                for="quantity-custom-quantity-6"
              >
                Custom quantity
              </label>
            </td>
          </tr>
        </tbody>
      </table>
    </div>
    <div
      class="submitButtonContainer"
    >
      <button
        type="submit"
      >
        Continue
      </button>
      <p>
        Next: upload artwork â†’
      </p>
    </div>
  </form>
</div>
`;
