// Jest Snapshot v1, https://goo.gl/fbAQLP

exports[`Product page should render correctly 1`] = `<div />`;
