// Jest Snapshot v1, https://goo.gl/fbAQLP

exports[`NavigationItem component should render correctly 1`] = `
<div>
  <li>
    <a
      class="navigationLink"
      href="#"
    >
      <b>
        text
      </b>
    </a>
  </li>
</div>
`;
